Thu Sep  3 10:48:45 UTC 2026
Thu Sep  3 15:05:18 UTC 2026
Thu Sep  3 19:25:53 UTC 2026
Fri Sep  4 10:17:23 UTC 2026
Fri Sep  4 15:00:05 UTC 2026
Fri Sep  4 19:07:18 UTC 2026
Sat Sep  5 09:45:18 UTC 2026
Sat Sep  5 13:54:36 UTC 2026
Sat Sep  5 18:33:54 UTC 2026
Sun Sep  6 10:01:16 UTC 2026
Sun Sep  6 14:14:34 UTC 2026
Sun Sep  6 18:37:23 UTC 2026
Mon Sep  7 11:13:27 UTC 2026
Mon Sep  7 16:32:17 UTC 2026
Mon Sep  7 20:08:17 UTC 2026
Tue Sep  8 10:22:43 UTC 2026
Tue Sep  8 15:10:39 UTC 2026
Tue Sep  8 19:34:27 UTC 2026
Wed Sep  9 10:32:03 UTC 2026
Wed Sep  9 15:10:16 UTC 2026
Wed Sep  9 19:28:25 UTC 2026
Thu Sep 10 10:21:20 UTC 2026
Thu Sep 10 15:02:26 UTC 2026
Thu Sep 10 19:14:58 UTC 2026
Fri Sep 11 10:21:29 UTC 2026
Fri Sep 11 15:04:57 UTC 2026
Fri Sep 11 19:16:22 UTC 2026
Sat Sep 12 09:53:12 UTC 2026
Sat Sep 12 14:13:40 UTC 2026
Sat Sep 12 18:44:15 UTC 2026
Sun Sep 13 10:52:44 UTC 2026
Sun Sep 13 14:56:44 UTC 2026
Sun Sep 13 18:56:22 UTC 2026
Mon Sep 14 11:23:26 UTC 2026
Mon Sep 14 16:59:15 UTC 2026
Mon Sep 14 20:31:57 UTC 2026
Tue Sep 15 10:47:08 UTC 2026
Tue Sep 15 15:36:30 UTC 2026
Tue Sep 15 19:48:57 UTC 2026
Wed Sep 16 10:35:42 UTC 2026
Wed Sep 16 15:26:44 UTC 2026
Wed Sep 16 19:41:04 UTC 2026
Thu Sep 17 10:45:04 UTC 2026
Thu Sep 17 15:34:29 UTC 2026
Thu Sep 17 19:50:28 UTC 2026
Fri Sep 18 10:20:37 UTC 2026
Fri Sep 18 15:02:27 UTC 2026
Fri Sep 18 19:10:39 UTC 2026
Sat Sep 19 10:04:09 UTC 2026
Sat Sep 19 14:31:03 UTC 2026
Sat Sep 19 18:52:39 UTC 2026
Sun Sep 20 10:22:56 UTC 2026
Sun Sep 20 14:43:50 UTC 2026
Sun Sep 20 19:02:20 UTC 2026
Mon Sep 21 11:37:47 UTC 2026
Mon Sep 21 17:06:43 UTC 2026
Mon Sep 21 20:33:53 UTC 2026
Tue Sep 22 10:42:46 UTC 2026
Tue Sep 22 15:32:52 UTC 2026
Tue Sep 22 19:52:31 UTC 2026
Wed Sep 23 10:33:47 UTC 2026
Wed Sep 23 15:28:43 UTC 2026
Wed Sep 23 19:47:54 UTC 2026
Thu Sep 24 10:52:29 UTC 2026
Thu Sep 24 15:51:00 UTC 2026
Thu Sep 24 20:07:05 UTC 2026
Fri Sep 25 10:55:17 UTC 2026
Fri Sep 25 15:50:56 UTC 2026
Fri Sep 25 20:07:21 UTC 2026
Sat Sep 26 10:35:34 UTC 2026
